// Jest Snapshot v1, https://goo.gl/fbAQLP

exports[`<Dropdown /> only renders trigger on mount 1`] = `
<DocumentFragment>
  .c0 {
  -webkit-align-self: flex-start;
  -ms-flex-item-align: start;
  align-self: flex-start;
  display: inline-block;
  outline: none;
}

<div
    class="re-dropdown-trigger c0"
    tabindex="-1"
  >
    <div
      aria-expanded="false"
      aria-haspopup="true"
      role="button"
      style="cursor: pointer;"
      tabindex="0"
    >
      Trigger
    </div>
  </div>
</DocumentFragment>
`;

exports[`<Dropdown /> opens menu with focus when trigger is clicked 1`] = `
<DocumentFragment>
  .c0 {
  -webkit-align-self: flex-start;
  -ms-flex-item-align: start;
  align-self: flex-start;
  display: inline-block;
  outline: none;
}

<div
    aria-hidden="true"
    class="re-dropdown-trigger c0"
    data-focus-on-hidden="true"
    tabindex="-1"
  >
    <div
      aria-expanded="true"
      aria-haspopup="true"
      role="button"
      style="cursor: pointer;"
      tabindex="0"
    >
      Trigger
    </div>
  </div>
  .c0 {
  z-index: 10;
  background: white;
  border-radius: 8px;
  border: 1px solid #F4F4F4;
  outline: none;
  box-shadow: 0px 2px 16px rgba(27,32,43,0.1);
  width: auto;
  opacity: 0.75;
  -webkit-transform: scale(0.75);
  -ms-transform: scale(0.75);
  transform: scale(0.75);
  -webkit-transform-origin: 0 0;
  -ms-transform-origin: 0 0;
  transform-origin: 0 0;
  padding: 8px;
  -webkit-animation: gPsOjp 225ms cubic-bezier(0.25,0.1,0.17,1.2) forwards;
  animation: gPsOjp 225ms cubic-bezier(0.25,0.1,0.17,1.2) forwards;
}

.c3 {
  background: #E8E9EA;
  height: 1px;
  border: 0;
  margin-left: -8px;
  margin-right: -8px;
}

.c1 {
  display: block;
  font-weight: 700;
  color: #A4A6AA;
}

.c2 {
  display: block;
  -webkit-flex: 1;
  -ms-flex: 1;
  flex: 1;
  opacity: 1;
  pointer-events: initial;
  -webkit-user-select: initial;
  -moz-user-select: initial;
  -ms-user-select: initial;
  user-select: initial;
  -webkit-text-decoration: none;
  text-decoration: none;
  color: #494D55;
  cursor: pointer;
  margin: 0;
  padding: 8px;
  -webkit-transition: 125ms background;
  transition: 125ms background;
  outline: none;
  -webkit-appearance: none;
  -moz-appearance: none;
  appearance: none;
  border: 0;
  border-radius: 8px;
  font: inherit;
  font-size: 14px;
  font-weight: 500;
  text-align: left;
  position: relative;
}

.c2:hover,
.c2:focus {
  color: #494D55;
  background: #F8F8F9;
}

<div>
    <div
      aria-hidden="true"
      data-focus-guard="true"
      data-focus-on-hidden="true"
      style="width: 1px; height: 0px; padding: 0px; overflow: hidden; position: fixed; top: 1px; left: 1px;"
      tabindex="0"
    />
    <div
      aria-hidden="true"
      data-focus-guard="true"
      data-focus-on-hidden="true"
      style="width: 1px; height: 0px; padding: 0px; overflow: hidden; position: fixed; top: 1px; left: 1px;"
      tabindex="1"
    />
    <div
      data-focus-lock-disabled="false"
    >
      <div
        class="re-dropdown-menu c0"
        data-testid="dropdown-menu"
        style="position: absolute; top: 0px; left: 0px; opacity: 0; pointer-events: none;"
        tabindex="0"
        width="auto"
      >
        <span
          class="re-dropdown-title c1"
        >
          Title
        </span>
        <div
          class="re-box re-dropdown-item c2"
          data-testid="item-one"
          role="button"
          tabindex="0"
        >
          One
        </div>
        <hr
          class="re-dropdown-divider c3"
          data-testid="divider"
        />
        <div
          class="re-box re-dropdown-item c2"
          data-testid="item-two"
          role="button"
          tabindex="0"
        >
          Two
        </div>
      </div>
    </div>
    <div
      aria-hidden="true"
      data-focus-guard="true"
      data-focus-on-hidden="true"
      style="width: 1px; height: 0px; padding: 0px; overflow: hidden; position: fixed; top: 1px; left: 1px;"
      tabindex="0"
    />
  </div>
</DocumentFragment>
`;
