// Jest Snapshot v1, https://goo.gl/fbAQLP

exports[`Card 1`] = `
<DocumentFragment>
  .c0 {
  background: white;
  box-shadow: none;
  border-radius: 8px;
  overflow: hidden;
  border: 1px solid #E8E9EA;
}

.c5 {
  padding: 16px;
}

.c3 {
  padding: 16px;
}

.c3 + .c4 {
  padding-top: 0px;
}

.c1 {
  padding: 16px;
  font-weight: 700;
}

.c1 + .c2 {
  padding-top: 0px;
}

<div
    class="re-box re-card c0"
  >
    <div
      class="re-box re-card-header c1"
    >
      Header
    </div>
    <div
      class="c2 re-box re-card-body c3"
    >
      Body
    </div>
    <div
      class="c4 re-box re-card-footer c5"
    >
      Footer
    </div>
  </div>
</DocumentFragment>
`;
