// Jest Snapshot v1, https://goo.gl/fbAQLP

exports[`Card 1`] = `
.c0 {
  background: white;
  box-shadow: 0 4px 10px rgba(0,29,54,0.04),0 -2px 6px rgba(0,29,54,0.025);
}

.c1 {
  padding: 1rem;
  border-bottom: 1px solid #DEE0E4;
}

.c2 {
  padding: 1rem;
}

.c3 {
  padding: 1rem;
  border-top: 1px solid #DEE0E4;
}

<div
  className="re-card c0"
>
  <div
    className="re-card-header c1"
  >
    Header
  </div>
  <div
    className="re-card-body c2"
  >
    Body
  </div>
  <div
    className="re-card-footer c3"
  >
    Footer
  </div>
</div>
`;
