// Jest Snapshot v1, https://goo.gl/fbAQLP

exports[`Card 1`] = `
<DocumentFragment>
  .c0 {
  background: white;
  box-shadow: none;
  border-radius: 8px;
  overflow: hidden;
  border: 1px solid #E8E9EA;
}

.c1 {
  padding: 1rem 1rem 8px;
  font-weight: 700;
}

.c2 {
  padding: 8px 1rem;
}

.c3 {
  padding: 8px 1rem 1rem;
}

<div
    class="re-box re-card c0"
  >
    <div
      class="re-box re-card-header c1"
    >
      Header
    </div>
    <div
      class="re-box re-card-body c2"
    >
      Body
    </div>
    <div
      class="re-box re-card-footer c3"
    >
      Footer
    </div>
  </div>
</DocumentFragment>
`;
