// Jest Snapshot v1, https://goo.gl/fbAQLP

exports[`Badge 1`] = `
.c0 {
  padding: 4px 8px;
  font-size: 12px;
  font-family: inherit;
  font-weight: bold;
  border-radius: 12px;
  background: #C8E8FF;
  color: #006DC1;
}

<span
  className="re-badge re-badge-info c0"
  size="md"
>
  I'm a badge!
</span>
`;
