// Jest Snapshot v1, https://goo.gl/fbAQLP

exports[`Badge 1`] = `
<DocumentFragment>
  .c0 {
  padding: 4px 8px;
  font-size: 12px;
  font-family: inherit;
  font-weight: bold;
  border-radius: 12px;
  background: #C8E8FF;
  color: #006DC1;
}

<span
    class="re-badge re-badge-info c0"
  >
    I'm a badge!
  </span>
</DocumentFragment>
`;
