// Jest Snapshot v1, https://goo.gl/fbAQLP

exports[`Badge 1`] = `
<DocumentFragment>
  .c0 {
  font-family: inherit;
  font-weight: bold;
  background-color: #CADCFF;
  color: #0958F3;
  font-size: 14px;
  border-radius: 14px;
  padding: 5px 10px;
}

<span
    class="re-badge re-badge-info c0"
  >
    I'm a badge!
  </span>
</DocumentFragment>
`;
