// Jest Snapshot v1, https://goo.gl/fbAQLP

exports[`<Tabs /> renders 1`] = `
.c0 {
  display: -webkit-box;
  display: -webkit-flex;
  display: -ms-flexbox;
  display: flex;
  -webkit-flex-direction: column;
  -ms-flex-direction: column;
  flex-direction: column;
}

.c1 {
  display: -webkit-box;
  display: -webkit-flex;
  display: -ms-flexbox;
  display: flex;
  margin: 0;
  padding: 0;
  list-style: none;
  -webkit-flex-direction: row;
  -ms-flex-direction: row;
  flex-direction: row;
  border-bottom: 1px solid #dfe3e8;
}

.c2 {
  display: -webkit-box;
  display: -webkit-flex;
  display: -ms-flexbox;
  display: flex;
  margin: 0;
  padding: 0;
}

.c3 {
  -webkit-appearance: none;
  -moz-appearance: none;
  appearance: none;
  margin: 0;
  padding: 0;
  background: none;
  border: none;
  font-size: 14px;
  font-family: inherit;
  position: relative;
  -webkit-box-pack: center;
  -webkit-justify-content: center;
  -ms-flex-pack: center;
  justify-content: center;
  cursor: pointer;
  margin-top: 1px;
  margin-bottom: -1px;
  padding: 0 12px;
  outline: none;
  white-space: nowrap;
  opacity: 1;
}

.c3:active {
  outline: none;
}

.c4 {
  display: block;
  color: #212b36;
  padding: 12px 8px;
  border-bottom: 4px solid #2DAAF2;
}

.c4::hover {
  color: #212b36;
  border-color: #2DAAF2;
}

.c5 {
  display: block;
  color: #637381;
  padding: 12px 8px;
  border-bottom: 4px solid transparent;
}

.c5::hover {
  color: #212b36;
  border-color: #d9dee3;
}

.c6 {
  width: 100%;
}

<div
  className="re-tabs c0"
>
  <ul
    className="re-tab-list c1"
  >
    <li
      className="re-tab-list-item c2"
    >
      <button
        className="re-tab c3"
        id="test-one"
        onClick={[Function]}
      >
        <span
          className="re-tab-title c4"
        >
          Tab One
        </span>
      </button>
    </li>
    <li
      className="re-tab-list-item c2"
    >
      <button
        className="re-tab c3"
        id="test-two"
        onClick={[Function]}
      >
        <span
          className="re-tab-title c5"
        >
          Tab Two
        </span>
      </button>
    </li>
  </ul>
  <div
    className="re-tab-content c6"
  >
    <div>
      This is the content for Tab 
      one
    </div>
  </div>
</div>
`;
