// Jest Snapshot v1, https://goo.gl/fbAQLP

exports[`<Tabs /> renders 1`] = `
<DocumentFragment>
  .c0 {
  display: -webkit-box;
  display: -webkit-flex;
  display: -ms-flexbox;
  display: flex;
  -webkit-flex-direction: column;
  -ms-flex-direction: column;
  flex-direction: column;
}

.c1 {
  display: -webkit-box;
  display: -webkit-flex;
  display: -ms-flexbox;
  display: flex;
  margin: 0;
  padding: 0;
  list-style: none;
  -webkit-flex-direction: row;
  -ms-flex-direction: row;
  flex-direction: row;
  border-bottom: 1px solid #F4F4F4;
}

.c2 {
  display: -webkit-box;
  display: -webkit-flex;
  display: -ms-flexbox;
  display: flex;
  margin: 0;
  padding: 0;
}

.c3 {
  -webkit-appearance: none;
  -moz-appearance: none;
  appearance: none;
  margin: 0;
  padding: 0;
  background: none;
  border: none;
  font-size: 14px;
  font-family: inherit;
  position: relative;
  -webkit-box-pack: center;
  -webkit-justify-content: center;
  -ms-flex-pack: center;
  justify-content: center;
  cursor: pointer;
  margin-top: 1px;
  margin-bottom: -1px;
  padding: 0 12px;
  outline: none;
  white-space: nowrap;
  opacity: 1;
}

.c3:active {
  outline: none;
}

.c4 {
  display: block;
  color: #494D55;
  padding: 12px 8px;
  border-bottom: 4px solid #0958F3;
}

.c4::hover {
  color: #212b36;
  border-color: #0958F3;
}

.c5 {
  display: block;
  color: #A4A6AA;
  padding: 12px 8px;
  border-bottom: 4px solid transparent;
}

.c5::hover {
  color: #212b36;
  border-color: #E8E9EA;
}

.c6 {
  width: 100%;
}

<div
    class="c0 re-tabs"
  >
    <ul
      class="c1 re-tab-list"
    >
      <li
        class="c2 re-tab-list-item"
      >
        <button
          class="c3 re-tab"
          id="test-one"
        >
          <span
            class="c4 re-tab-title"
          >
            Tab One
          </span>
        </button>
      </li>
      <li
        class="c2 re-tab-list-item"
      >
        <button
          class="c3 re-tab"
          id="test-two"
        >
          <span
            class="c5 re-tab-title"
          >
            Tab Two
          </span>
        </button>
      </li>
    </ul>
    <div
      class="c6 re-tab-content"
    >
      <div>
        This is the content for Tab one
      </div>
    </div>
  </div>
</DocumentFragment>
`;
